2022-04-28 01:23:23 (UTC)	mysqli::__construct(): (HY000/2002): Подключение не установлено, т.к. конечный компьютер отверг запрос на подключение = \src\incs\dbh.php = 34
2022-04-28 01:25:30 (UTC)	mysqli::__construct(): (HY000/2002): Подключение не установлено, т.к. конечный компьютер отверг запрос на подключение = \src\incs\dbh.php = 34
2022-04-28 01:26:11 (UTC)	mysqli::__construct(): (HY000/2002): Подключение не установлено, т.к. конечный компьютер отверг запрос на подключение = \src\incs\dbh.php = 34
2022-04-28 01:26:23 (UTC)	mysqli::__construct(): (HY000/2002): Подключение не установлено, т.к. конечный компьютер отверг запрос на подключение = \src\incs\dbh.php = 33
2022-04-28 01:55:55 (UTC)	mysqli::__construct(): (HY000/2002): Подключение не установлено, т.к. конечный компьютер отверг запрос на подключение = \src\incs\dbh.php = 32
2022-04-28 01:56:23 (UTC)	mysqli::__construct(): (HY000/2002): Подключение не установлено, т.к. конечный компьютер отверг запрос на подключение = \src\incs\dbh.php = 32
2022-04-28 01:59:42 (UTC)	mysqli::__construct(): (HY000/2002): Подключение не установлено, т.к. конечный компьютер отверг запрос на подключение = \src\incs\dbh.php = 32
2022-04-28 02:02:23 (UTC)	mysqli::__construct(): (HY000/2002): Подключение не установлено, т.к. конечный компьютер отверг запрос на подключение = \src\incs\dbh.php = 32
2022-04-28 02:16:27 (UTC)	mysqli::__construct(): (HY000/2002): Подключение не установлено, т.к. конечный компьютер отверг запрос на подключение = \src\incs\dbh.php = 32
2022-04-28 02:16:39 (UTC)	mysqli::__construct(): (HY000/2002): Подключение не установлено, т.к. конечный компьютер отверг запрос на подключение = \src\incs\dbh.php = 32
2022-04-28 02:17:34 (UTC)	mysqli::__construct(): (HY000/2002): Подключение не установлено, т.к. конечный компьютер отверг запрос на подключение = \src\incs\dbh.php = 32
2022-04-28 02:18:41 (UTC)	mysqli::__construct(): (HY000/2002): Подключение не установлено, т.к. конечный компьютер отверг запрос на подключение = \src\incs\dbh.php = 32
2022-04-30 09:08:35 (UTC)	mysqli::__construct(): (HY000/2002): Подключение не установлено, т.к. конечный компьютер отверг запрос на подключение = \src\incs\dbh.php = 32
2022-04-30 09:10:21 (UTC)	mysqli::__construct(): (HY000/2002): Подключение не установлено, т.к. конечный компьютер отверг запрос на подключение = \src\incs\dbh.php = 32
